line 1:10 extraneous input '1' expecting {' ', ';'}