line 1:3 token recognition error at: 'T'
line 1:4 token recognition error at: 'I'
line 1:5 token recognition error at: 'P'
line 1:6 token recognition error at: 'L'
line 1:7 token recognition error at: 'Y'